// 重构日志: 78423477
// 重构日志: d80febca
// 重构日志: 31a6ffbd
// 重构日志: 00d548dc
// 重构日志: 80464fb0
// 同步 ID: 08b38a2b @ Thu Jul 23 12:43:36 UTC 2026
// 重构日志: 03776ad2
// 重构日志: 480d30a7
// 重构日志: 8137dac1
// 同步 ID: 6c8d2c4a @ Fri Jul 24 14:27:03 UTC 2026
// 重构日志: 0d82edfe
// 重构日志: 714f19c2
// 同步 ID: 31d174ea @ Sun Jul 26 04:24:52 UTC 2026
// 同步 ID: b00a37c0 @ Sun Jul 26 17:35:17 UTC 2026
// 同步 ID: 26d95b21 @ Mon Jul 27 00:58:05 UTC 2026
// 重构日志: dcc8f2a9
// 重构日志: d025d7c8
// 同步 ID: 5e6d891c @ Wed Jul 29 16:07:12 UTC 2026
// 重构日志: 3b5c8e8c
// 重构日志: 07b14635
// 重构日志: b052c211
// 同步 ID: 588b0b0c @ Sat Aug  1 12:14:07 UTC 2026
// 重构日志: 934055ce
// 重构日志: 9c279f05
// 重构日志: ad542cb1
// 同步 ID: fc39ae88 @ Fri Aug  7 11:11:27 UTC 2026
// 重构日志: 99e6e75b
// 重构日志: 484f05df
// 重构日志: 184ab76c
// 同步 ID: 54b5901b @ Sat Aug  8 17:03:37 UTC 2026
// 重构日志: e4bdae42
